// Jest Snapshot v1, https://goo.gl/fbAQLP

exports[`Render tests render correctly 1`] = `
{
  "asFragment": [Function],
  "baseElement": <body>
    <div>
      <input
        accept="text/csv, .csv"
        autocomplete="off"
        style="display: none;"
        tabindex="-1"
        type="file"
      />
      <button
        class="btn btn-primary"
        data-testid="btn"
        style="margin-block-end: 1rem;"
        type="button"
      >
        Browse file
      </button>
      <span
        style="border-radius: 3px; box-shadow: inset 0 1px 3px rgba(0, 0, 0, .2); bottom: 14px; width: 0%; background-color: rgb(101, 156, 239); height: 10px; transition: width 500ms ease-in-out; display: none;"
      />
      <div>
        <label
          class="search-label"
          for="search-bar-0"
        >
          <span
            class="sr-only"
            id="search-bar-0-label"
          >
            Search this table
          </span>
          <input
            aria-labelledby="search-bar-0-label"
            class="form-control "
            id="search-bar-0"
            placeholder="Search"
            type="text"
            value=""
          />
        </label>
        <hr />
        <div
          class="react-bootstrap-table"
        >
          <table
            class="table table-bordered"
          >
            <thead>
              <tr>
                <th
                  tabindex="0"
                >
                  Post ID
                </th>
                <th
                  aria-label="ID sortable"
                  class="sortable"
                  tabindex="0"
                >
                  ID
                  <span
                    class="order"
                  >
                    <span
                      class="dropdown"
                    >
                      <span
                        class="caret"
                      />
                    </span>
                    <span
                      class="dropup"
                    >
                      <span
                        class="caret"
                      />
                    </span>
                  </span>
                </th>
                <th
                  aria-label="Name sortable"
                  class="sortable"
                  tabindex="0"
                >
                  Name
                  <span
                    class="order"
                  >
                    <span
                      class="dropdown"
                    >
                      <span
                        class="caret"
                      />
                    </span>
                    <span
                      class="dropup"
                    >
                      <span
                        class="caret"
                      />
                    </span>
                  </span>
                </th>
                <th
                  aria-label="Email sortable"
                  class="sortable"
                  tabindex="0"
                >
                  Email
                  <span
                    class="order"
                  >
                    <span
                      class="dropdown"
                    >
                      <span
                        class="caret"
                      />
                    </span>
                    <span
                      class="dropup"
                    >
                      <span
                        class="caret"
                      />
                    </span>
                  </span>
                </th>
                <th
                  tabindex="0"
                >
                  Body
                </th>
              </tr>
            </thead>
          </table>
        </div>
        <div
          class="row react-bootstrap-table-pagination"
        >
          <div
            class="col-md-6 col-xs-6 col-sm-6 col-lg-6"
          >
            <span
              class="react-bs-table-sizePerPage-dropdown dropdown"
              style="visibility: visible;"
            >
              <button
                aria-expanded="false"
                class="btn btn-default btn-secondary dropdown-toggle"
                data-toggle="dropdown"
                id="pageDropDown"
                type="button"
              >
                5
                 
                <span>
                  <span
                    class="caret"
                  />
                </span>
              </button>
              <ul
                aria-labelledby="pageDropDown"
                class="dropdown-menu "
                role="menu"
              >
                <li
                  class="dropdown-item"
                  role="presentation"
                >
                  <a
                    data-page="10"
                    href="#"
                    role="menuitem"
                    tabindex="-1"
                  >
                    10
                  </a>
                </li>
                <li
                  class="dropdown-item"
                  role="presentation"
                >
                  <a
                    data-page="25"
                    href="#"
                    role="menuitem"
                    tabindex="-1"
                  >
                    25
                  </a>
                </li>
                <li
                  class="dropdown-item"
                  role="presentation"
                >
                  <a
                    data-page="30"
                    href="#"
                    role="menuitem"
                    tabindex="-1"
                  >
                    30
                  </a>
                </li>
                <li
                  class="dropdown-item"
                  role="presentation"
                >
                  <a
                    data-page="50"
                    href="#"
                    role="menuitem"
                    tabindex="-1"
                  >
                    50
                  </a>
                </li>
              </ul>
            </span>
          </div>
          <div
            class="react-bootstrap-table-pagination-list col-md-6 col-xs-6 col-sm-6 col-lg-6"
          >
            <ul
              class="pagination react-bootstrap-table-page-btns-ul"
            />
          </div>
        </div>
      </div>
    </div>
  </body>,
  "container": <div>
    <input
      accept="text/csv, .csv"
      autocomplete="off"
      style="display: none;"
      tabindex="-1"
      type="file"
    />
    <button
      class="btn btn-primary"
      data-testid="btn"
      style="margin-block-end: 1rem;"
      type="button"
    >
      Browse file
    </button>
    <span
      style="border-radius: 3px; box-shadow: inset 0 1px 3px rgba(0, 0, 0, .2); bottom: 14px; width: 0%; background-color: rgb(101, 156, 239); height: 10px; transition: width 500ms ease-in-out; display: none;"
    />
    <div>
      <label
        class="search-label"
        for="search-bar-0"
      >
        <span
          class="sr-only"
          id="search-bar-0-label"
        >
          Search this table
        </span>
        <input
          aria-labelledby="search-bar-0-label"
          class="form-control "
          id="search-bar-0"
          placeholder="Search"
          type="text"
          value=""
        />
      </label>
      <hr />
      <div
        class="react-bootstrap-table"
      >
        <table
          class="table table-bordered"
        >
          <thead>
            <tr>
              <th
                tabindex="0"
              >
                Post ID
              </th>
              <th
                aria-label="ID sortable"
                class="sortable"
                tabindex="0"
              >
                ID
                <span
                  class="order"
                >
                  <span
                    class="dropdown"
                  >
                    <span
                      class="caret"
                    />
                  </span>
                  <span
                    class="dropup"
                  >
                    <span
                      class="caret"
                    />
                  </span>
                </span>
              </th>
              <th
                aria-label="Name sortable"
                class="sortable"
                tabindex="0"
              >
                Name
                <span
                  class="order"
                >
                  <span
                    class="dropdown"
                  >
                    <span
                      class="caret"
                    />
                  </span>
                  <span
                    class="dropup"
                  >
                    <span
                      class="caret"
                    />
                  </span>
                </span>
              </th>
              <th
                aria-label="Email sortable"
                class="sortable"
                tabindex="0"
              >
                Email
                <span
                  class="order"
                >
                  <span
                    class="dropdown"
                  >
                    <span
                      class="caret"
                    />
                  </span>
                  <span
                    class="dropup"
                  >
                    <span
                      class="caret"
                    />
                  </span>
                </span>
              </th>
              <th
                tabindex="0"
              >
                Body
              </th>
            </tr>
          </thead>
        </table>
      </div>
      <div
        class="row react-bootstrap-table-pagination"
      >
        <div
          class="col-md-6 col-xs-6 col-sm-6 col-lg-6"
        >
          <span
            class="react-bs-table-sizePerPage-dropdown dropdown"
            style="visibility: visible;"
          >
            <button
              aria-expanded="false"
              class="btn btn-default btn-secondary dropdown-toggle"
              data-toggle="dropdown"
              id="pageDropDown"
              type="button"
            >
              5
               
              <span>
                <span
                  class="caret"
                />
              </span>
            </button>
            <ul
              aria-labelledby="pageDropDown"
              class="dropdown-menu "
              role="menu"
            >
              <li
                class="dropdown-item"
                role="presentation"
              >
                <a
                  data-page="10"
                  href="#"
                  role="menuitem"
                  tabindex="-1"
                >
                  10
                </a>
              </li>
              <li
                class="dropdown-item"
                role="presentation"
              >
                <a
                  data-page="25"
                  href="#"
                  role="menuitem"
                  tabindex="-1"
                >
                  25
                </a>
              </li>
              <li
                class="dropdown-item"
                role="presentation"
              >
                <a
                  data-page="30"
                  href="#"
                  role="menuitem"
                  tabindex="-1"
                >
                  30
                </a>
              </li>
              <li
                class="dropdown-item"
                role="presentation"
              >
                <a
                  data-page="50"
                  href="#"
                  role="menuitem"
                  tabindex="-1"
                >
                  50
                </a>
              </li>
            </ul>
          </span>
        </div>
        <div
          class="react-bootstrap-table-pagination-list col-md-6 col-xs-6 col-sm-6 col-lg-6"
        >
          <ul
            class="pagination react-bootstrap-table-page-btns-ul"
          />
        </div>
      </div>
    </div>
  </div>,
  "debug": [Function],
  "findAllByAltText": [Function],
  "findAllByDisplayValue": [Function],
  "findAllByLabelText": [Function],
  "findAllByPlaceholderText": [Function],
  "findAllByRole": [Function],
  "findAllByTestId": [Function],
  "findAllByText": [Function],
  "findAllByTitle": [Function],
  "findByAltText": [Function],
  "findByDisplayValue": [Function],
  "findByLabelText": [Function],
  "findByPlaceholderText": [Function],
  "findByRole": [Function],
  "findByTestId": [Function],
  "findByText": [Function],
  "findByTitle": [Function],
  "getAllByAltText": [Function],
  "getAllByDisplayValue": [Function],
  "getAllByLabelText": [Function],
  "getAllByPlaceholderText": [Function],
  "getAllByRole": [Function],
  "getAllByTestId": [Function],
  "getAllByText": [Function],
  "getAllByTitle": [Function],
  "getByAltText": [Function],
  "getByDisplayValue": [Function],
  "getByLabelText": [Function],
  "getByPlaceholderText": [Function],
  "getByRole": [Function],
  "getByTestId": [Function],
  "getByText": [Function],
  "getByTitle": [Function],
  "queryAllByAltText": [Function],
  "queryAllByDisplayValue": [Function],
  "queryAllByLabelText": [Function],
  "queryAllByPlaceholderText": [Function],
  "queryAllByRole": [Function],
  "queryAllByTestId": [Function],
  "queryAllByText": [Function],
  "queryAllByTitle": [Function],
  "queryByAltText": [Function],
  "queryByDisplayValue": [Function],
  "queryByLabelText": [Function],
  "queryByPlaceholderText": [Function],
  "queryByRole": [Function],
  "queryByTestId": [Function],
  "queryByText": [Function],
  "queryByTitle": [Function],
  "rerender": [Function],
  "unmount": [Function],
}
`;
